<h1 id="hello">Hello</h1>
<p>Welcome to my website!!!</p>
<p>The other page:</p>
<ul>
<li><a href="page.html">other-page</a></li>
<li><a href="page.html">other-page-2</a></li>
</ul>
