<h1 id="some-other-page">Some other page</h1>
<p>Go <a href="index.html">back</a></p>
