<?xml encoding="UTF-8" version="1.0"?><a href="page.html">Go to some other page?</a><!-- this is a comment!! -->